Restarting from reordered_device_5.xyz
--------------------------------
Applied Voltage = 5 V
--------------------------------
Created folder: Results_5.000000
Z - calculation time - charge [s]0.00497809
Z - calculation time - potential from boundaries [s]0.105509
Z - calculation time - potential from charges [s]0.00996299
Z - calculation time - kmc events [s]0.00111872
KMC time is: 2.91075e-14
Z - calculation time - KMC superstep [s]: 0.12159
--------------------------------------
Z - calculation time - charge [s]0.000147585
Z - calculation time - potential from boundaries [s]0.000688714
Z - calculation time - potential from charges [s]0.0100411
Z - calculation time - kmc events [s]0.000705577
KMC time is: 5.12158e-14
Z - calculation time - KMC superstep [s]: 0.0115928
--------------------------------------
Z - calculation time - charge [s]6.0407e-05
Z - calculation time - potential from boundaries [s]0.000672122
Z - calculation time - potential from charges [s]0.0101405
Z - calculation time - kmc events [s]0.000685127
KMC time is: 9.36848e-14
Z - calculation time - KMC superstep [s]: 0.0115675
--------------------------------------
Z - calculation time - charge [s]6.0207e-05
Z - calculation time - potential from boundaries [s]0.000665629
Z - calculation time - potential from charges [s]0.0100758
Z - calculation time - kmc events [s]0.000681029
KMC time is: 2.6667e-13
Z - calculation time - KMC superstep [s]: 0.0114919
--------------------------------------
Z - calculation time - charge [s]5.9997e-05
Z - calculation time - potential from boundaries [s]0.000668384
Z - calculation time - potential from charges [s]0.0101141
Z - calculation time - kmc events [s]0.0009755
KMC time is: 9.45779e-13
Z - calculation time - KMC superstep [s]: 0.0118274
--------------------------------------
Z - calculation time - charge [s]6.0928e-05
Z - calculation time - potential from boundaries [s]0.000663646
Z - calculation time - potential from charges [s]0.0100287
Z - calculation time - kmc events [s]0.000683724
KMC time is: 1.06019e-12
Z - calculation time - KMC superstep [s]: 0.011446
--------------------------------------
